// Jest Snapshot v1, https://goo.gl/fbAQLP

exports[`Testing <Goods /> Goods have renderer correctly 1`] = `
ShallowWrapper {
  Symbol(enzyme.__root__): [Circular],
  Symbol(enzyme.__unrendered__): <Goods
    list={
      Array [
        Object {
          "name": "random",
        },
      ]
    }
  />,
  Symbol(enzyme.__renderer__): Object {
    "batchedUpdates": [Function],
    "checkPropTypes": [Function],
    "getNode": [Function],
    "render": [Function],
    "simulateError": [Function],
    "simulateEvent": [Function],
    "unmount": [Function],
  },
  Symbol(enzyme.__node__): Object {
    "instance": null,
    "key": undefined,
    "nodeType": "host",
    "props": Object {
      "children": Array [
        <div
          className="goods__item"
        >
          <CardItem
            country={null}
            handleClick={[Function]}
            title="random"
          />
        </div>,
      ],
      "className": "goods",
    },
    "ref": null,
    "rendered": Array [
      Object {
        "instance": null,
        "key": "undefined-undefined",
        "nodeType": "host",
        "props": Object {
          "children": <CardItem
            country={null}
            handleClick={[Function]}
            title="random"
          />,
          "className": "goods__item",
        },
        "ref": null,
        "rendered": Object {
          "instance": null,
          "key": undefined,
          "nodeType": "function",
          "props": Object {
            "country": null,
            "handleClick": [Function],
            "price": undefined,
            "source": undefined,
            "title": "random",
            "transparent": undefined,
          },
          "ref": null,
          "rendered": null,
          "type": [Function],
        },
        "type": "div",
      },
    ],
    "type": "div",
  },
  Symbol(enzyme.__nodes__): Array [
    Object {
      "instance": null,
      "key": undefined,
      "nodeType": "host",
      "props": Object {
        "children": Array [
          <div
            className="goods__item"
          >
            <CardItem
              country={null}
              handleClick={[Function]}
              title="random"
            />
          </div>,
        ],
        "className": "goods",
      },
      "ref": null,
      "rendered": Array [
        Object {
          "instance": null,
          "key": "undefined-undefined",
          "nodeType": "host",
          "props": Object {
            "children": <CardItem
              country={null}
              handleClick={[Function]}
              title="random"
            />,
            "className": "goods__item",
          },
          "ref": null,
          "rendered": Object {
            "instance": null,
            "key": undefined,
            "nodeType": "function",
            "props": Object {
              "country": null,
              "handleClick": [Function],
              "price": undefined,
              "source": undefined,
              "title": "random",
              "transparent": undefined,
            },
            "ref": null,
            "rendered": null,
            "type": [Function],
          },
          "type": "div",
        },
      ],
      "type": "div",
    },
  ],
  Symbol(enzyme.__options__): Object {
    "adapter": ReactSixteenAdapter {
      "options": Object {
        "enableComponentDidUpdateOnSetState": true,
        "legacyContextMode": "parent",
        "lifecycles": Object {
          "componentDidUpdate": Object {
            "onSetState": true,
          },
          "getChildContext": Object {
            "calledByRenderer": false,
          },
          "getDerivedStateFromProps": true,
          "getSnapshotBeforeUpdate": true,
          "setState": Object {
            "skipsComponentDidUpdateOnNullish": true,
          },
        },
      },
    },
  },
}
`;
